
> Configure project :app
WARNING: Using flatDir should be avoided because it doesn't support any meta-data formats.

> Configure project :capacitor-cordova-android-plugins
WARNING: Using flatDir should be avoided because it doesn't support any meta-data formats.

> Task :app:preBuild UP-TO-DATE
> Task :app:preDebugBuild UP-TO-DATE
> Task :app:mergeDebugNativeDebugMetadata NO-SOURCE
> Task :capacitor-android:preBuild UP-TO-DATE
> Task :capacitor-android:preDebugBuild UP-TO-DATE
> Task :capacitor-cordova-android-plugins:preBuild UP-TO-DATE
> Task :capacitor-cordova-android-plugins:preDebugBuild UP-TO-DATE
> Task :capacitor-geolocation:preBuild UP-TO-DATE
> Task :capacitor-geolocation:preDebugBuild UP-TO-DATE
> Task :capacitor-status-bar:preBuild UP-TO-DATE
> Task :capacitor-status-bar:preDebugBuild UP-TO-DATE
> Task :app:javaPreCompileDebug
> Task :capacitor-cordova-android-plugins:writeDebugAarMetadata
> Task :capacitor-android:writeDebugAarMetadata
> Task :capacitor-geolocation:writeDebugAarMetadata
> Task :capacitor-status-bar:writeDebugAarMetadata
> Task :app:generateDebugResValues
> Task :capacitor-android:generateDebugResValues
> Task :capacitor-android:generateDebugResources
> Task :app:checkDebugAarMetadata
> Task :capacitor-android:packageDebugResources
> Task :capacitor-cordova-android-plugins:generateDebugResValues
> Task :capacitor-cordova-android-plugins:generateDebugResources
> Task :capacitor-cordova-android-plugins:packageDebugResources
> Task :capacitor-geolocation:generateDebugResValues
> Task :capacitor-geolocation:generateDebugResources
> Task :capacitor-geolocation:packageDebugResources
> Task :capacitor-status-bar:generateDebugResValues
> Task :capacitor-status-bar:generateDebugResources
> Task :capacitor-status-bar:packageDebugResources
> Task :app:mapDebugSourceSetPaths
> Task :app:generateDebugResources
> Task :app:packageDebugResources
> Task :app:createDebugCompatibleScreenManifests
> Task :app:extractDeepLinksDebug
> Task :capacitor-android:extractDeepLinksDebug
> Task :capacitor-cordova-android-plugins:extractDeepLinksDebug
> Task :capacitor-geolocation:extractDeepLinksDebug
> Task :capacitor-status-bar:extractDeepLinksDebug
> Task :capacitor-android:compileDebugLibraryResources
> Task :capacitor-cordova-android-plugins:compileDebugLibraryResources
> Task :app:mergeDebugResources
> Task :app:parseDebugLocalResources
> Task :capacitor-android:parseDebugLocalResources
> Task :capacitor-cordova-android-plugins:parseDebugLocalResources
> Task :capacitor-geolocation:compileDebugLibraryResources
> Task :capacitor-status-bar:compileDebugLibraryResources
> Task :capacitor-geolocation:parseDebugLocalResources
> Task :capacitor-android:processDebugManifest
> Task :capacitor-cordova-android-plugins:processDebugManifest
> Task :capacitor-android:javaPreCompileDebug
> Task :capacitor-status-bar:processDebugManifest
> Task :capacitor-geolocation:processDebugManifest
> Task :capacitor-cordova-android-plugins:javaPreCompileDebug
> Task :capacitor-status-bar:parseDebugLocalResources
> Task :app:processDebugMainManifest
> Task :app:processDebugManifest
> Task :capacitor-geolocation:javaPreCompileDebug
> Task :capacitor-status-bar:javaPreCompileDebug
> Task :app:mergeDebugShaders
> Task :capacitor-cordova-android-plugins:generateDebugRFile
> Task :capacitor-status-bar:generateDebugRFile
> Task :capacitor-geolocation:generateDebugRFile
> Task :capacitor-android:generateDebugRFile
> Task :app:compileDebugShaders NO-SOURCE

> Task :capacitor-android:compileDebugJavaWithJavac
Note: Some input files use unchecked or unsafe operations.
Note: Recompile with -Xlint:unchecked for details.

> Task :capacitor-cordova-android-plugins:compileDebugJavaWithJavac NO-SOURCE
> Task :app:generateDebugAssets UP-TO-DATE
> Task :capacitor-cordova-android-plugins:bundleLibCompileToJarDebug
> Task :capacitor-android:mergeDebugShaders
> Task :capacitor-android:compileDebugShaders NO-SOURCE
> Task :capacitor-android:generateDebugAssets UP-TO-DATE
> Task :capacitor-android:packageDebugAssets
> Task :capacitor-cordova-android-plugins:mergeDebugShaders
> Task :capacitor-cordova-android-plugins:compileDebugShaders NO-SOURCE
> Task :capacitor-cordova-android-plugins:generateDebugAssets UP-TO-DATE
> Task :capacitor-cordova-android-plugins:packageDebugAssets
> Task :capacitor-android:bundleLibCompileToJarDebug
> Task :capacitor-geolocation:compileDebugJavaWithJavac
> Task :capacitor-geolocation:bundleLibCompileToJarDebug
> Task :app:processDebugManifestForPackage
> Task :capacitor-status-bar:compileDebugJavaWithJavac
> Task :capacitor-status-bar:bundleLibCompileToJarDebug
> Task :capacitor-geolocation:mergeDebugShaders
> Task :capacitor-geolocation:compileDebugShaders NO-SOURCE
> Task :capacitor-geolocation:generateDebugAssets UP-TO-DATE
> Task :capacitor-geolocation:packageDebugAssets
> Task :capacitor-status-bar:mergeDebugShaders
> Task :capacitor-status-bar:compileDebugShaders NO-SOURCE
> Task :capacitor-status-bar:generateDebugAssets UP-TO-DATE
> Task :capacitor-status-bar:packageDebugAssets
> Task :app:mergeDebugAssets
> Task :app:compressDebugAssets
> Task :capacitor-geolocation:bundleLibRuntimeToJarDebug
> Task :capacitor-status-bar:bundleLibRuntimeToJarDebug
> Task :capacitor-cordova-android-plugins:bundleLibRuntimeToJarDebug
> Task :app:desugarDebugFileDependencies
> Task :capacitor-android:bundleLibRuntimeToJarDebug
> Task :app:processDebugJavaRes NO-SOURCE
> Task :capacitor-android:processDebugJavaRes NO-SOURCE
> Task :capacitor-cordova-android-plugins:processDebugJavaRes NO-SOURCE
> Task :capacitor-geolocation:processDebugJavaRes NO-SOURCE
> Task :capacitor-status-bar:processDebugJavaRes NO-SOURCE
> Task :app:mergeDebugJniLibFolders
> Task :capacitor-android:mergeDebugJniLibFolders
> Task :capacitor-android:mergeDebugNativeLibs NO-SOURCE
> Task :capacitor-android:copyDebugJniLibsProjectOnly
> Task :capacitor-cordova-android-plugins:mergeDebugJniLibFolders
> Task :capacitor-cordova-android-plugins:mergeDebugNativeLibs NO-SOURCE
> Task :capacitor-cordova-android-plugins:copyDebugJniLibsProjectOnly
> Task :app:checkDebugDuplicateClasses
> Task :capacitor-geolocation:mergeDebugJniLibFolders
> Task :app:mergeDebugJavaResource
> Task :app:mergeExtDexDebug
> Task :app:mergeLibDexDebug
> Task :capacitor-geolocation:mergeDebugNativeLibs NO-SOURCE
> Task :capacitor-geolocation:copyDebugJniLibsProjectOnly
> Task :capacitor-status-bar:mergeDebugJniLibFolders
> Task :capacitor-status-bar:mergeDebugNativeLibs NO-SOURCE
> Task :capacitor-status-bar:copyDebugJniLibsProjectOnly
> Task :app:validateSigningDebug
> Task :app:mergeDebugNativeLibs NO-SOURCE
> Task :app:stripDebugDebugSymbols NO-SOURCE
> Task :app:writeDebugAppMetadata
> Task :app:writeDebugSigningConfigVersions
> Task :capacitor-android:stripDebugDebugSymbols NO-SOURCE
> Task :capacitor-android:copyDebugJniLibsProjectAndLocalJars
> Task :app:processDebugResources
> Task :capacitor-android:extractDebugAnnotations
> Task :app:compileDebugJavaWithJavac
> Task :app:dexBuilderDebug
> Task :capacitor-android:extractDeepLinksForAarDebug
> Task :capacitor-android:mergeDebugGeneratedProguardFiles
> Task :capacitor-android:mergeDebugConsumerProguardFiles
> Task :capacitor-android:prepareDebugArtProfile
> Task :app:mergeDebugGlobalSynthetics
> Task :capacitor-cordova-android-plugins:stripDebugDebugSymbols NO-SOURCE
> Task :capacitor-android:prepareLintJarForPublish
> Task :capacitor-cordova-android-plugins:copyDebugJniLibsProjectAndLocalJars
> Task :capacitor-android:mergeDebugJavaResource
> Task :app:mergeProjectDexDebug
> Task :capacitor-cordova-android-plugins:extractDebugAnnotations
> Task :capacitor-android:syncDebugLibJars
> Task :capacitor-android:bundleDebugAar
> Task :capacitor-android:assembleDebug
> Task :capacitor-cordova-android-plugins:extractDeepLinksForAarDebug
> Task :capacitor-cordova-android-plugins:mergeDebugGeneratedProguardFiles
> Task :capacitor-cordova-android-plugins:mergeDebugConsumerProguardFiles
> Task :capacitor-cordova-android-plugins:prepareDebugArtProfile
> Task :capacitor-cordova-android-plugins:prepareLintJarForPublish
> Task :capacitor-geolocation:stripDebugDebugSymbols NO-SOURCE
> Task :capacitor-cordova-android-plugins:mergeDebugJavaResource
> Task :capacitor-geolocation:copyDebugJniLibsProjectAndLocalJars
> Task :capacitor-cordova-android-plugins:syncDebugLibJars
> Task :capacitor-cordova-android-plugins:bundleDebugAar
> Task :capacitor-cordova-android-plugins:assembleDebug
> Task :capacitor-geolocation:extractDebugAnnotations
> Task :capacitor-geolocation:extractDeepLinksForAarDebug
> Task :capacitor-geolocation:mergeDebugGeneratedProguardFiles
> Task :capacitor-geolocation:mergeDebugConsumerProguardFiles
> Task :capacitor-geolocation:prepareDebugArtProfile
> Task :capacitor-geolocation:prepareLintJarForPublish
> Task :capacitor-status-bar:stripDebugDebugSymbols NO-SOURCE
> Task :capacitor-status-bar:copyDebugJniLibsProjectAndLocalJars
> Task :capacitor-geolocation:mergeDebugJavaResource
> Task :capacitor-status-bar:extractDebugAnnotations
> Task :capacitor-geolocation:syncDebugLibJars
> Task :capacitor-geolocation:bundleDebugAar
> Task :capacitor-geolocation:assembleDebug
> Task :capacitor-status-bar:extractDeepLinksForAarDebug
> Task :capacitor-status-bar:mergeDebugGeneratedProguardFiles
> Task :capacitor-status-bar:mergeDebugConsumerProguardFiles
> Task :capacitor-status-bar:prepareDebugArtProfile
> Task :capacitor-status-bar:prepareLintJarForPublish
> Task :capacitor-status-bar:mergeDebugJavaResource
> Task :capacitor-status-bar:syncDebugLibJars
> Task :capacitor-status-bar:bundleDebugAar
> Task :capacitor-status-bar:assembleDebug
> Task :app:packageDebug
> Task :app:createDebugApkListingFileRedirect
> Task :app:assembleDebug

BUILD SUCCESSFUL in 6m 29s
134 actionable tasks: 134 executed
